==== Elite first-mulligan agreement check ====
Set: TMT   n_sims: 300   n_workers: 8
Choice model: models\choice_v8

=== PremierDraft / TMT ===
  Elite filter: {'min_n_games_bucket': 500, 'min_wr_bucket': 0.62, 'ranks': {'mythic', 'diamond'}, 'parquet': 'combined.PremierDraft.parquet'}
  loaded 1,490,025 rows from combined.PremierDraft.parquet
  elite mn=0 subset for PremierDraft/TMT: 327 rows
  decks parsed: 55 kept  (dropped 6 unresolved, 0 size, 0 unsafe)
  rows after parse: 296
  progress 200/296  elapsed=39s  eta=19s
  progress 296/296  elapsed=53s  eta=0s
  inference done in 53s

  --- Summary (PremierDraft / TMT) ---
  n decisions:          296
  actual mull rate:     7.09%  (21 / 296)
  predicted mull rate:  5.41%  (16 / 296)
  verdict distribution:
    clear_keep            265  (89.53%)
    marginal_keep          15  (5.07%)
    marginal_mulligan       7  (2.36%)
    clear_mulligan          9  (3.04%)

  AGREEMENT (model keep/mull == player keep/mull): 279 / 296  (94.26%)
  NOT COMPLETE DISAGREEMENT (excludes clear_keep+mulled, clear_mulligan+kept):  289 / 296  (97.64%)

  Confusion matrix (rows=verdict, cols=actual):

was_kept           player_kept  player_mulled  total
verdict                                             
clear_keep                 261              4    265
marginal_keep                8              7     15
marginal_mulligan            3              4      7
clear_mulligan               3              6      9
total                      275             21    296

=== TradDraft / TMT ===
  Elite filter: {'min_n_games_bucket': 500, 'min_wr_bucket': 0.68, 'ranks': None, 'parquet': 'combined.TradDraft.parquet'}
  loaded 184,952 rows from combined.TradDraft.parquet
  elite mn=0 subset for TradDraft/TMT: 337 rows
  decks parsed: 41 kept  (dropped 12 unresolved, 0 size, 0 unsafe)
  rows after parse: 253
  progress 200/253  elapsed=38s  eta=10s
  progress 253/253  elapsed=46s  eta=0s
  inference done in 46s

  --- Summary (TradDraft / TMT) ---
  n decisions:          253
  actual mull rate:     24.51%  (62 / 253)
  predicted mull rate:  21.34%  (54 / 253)
  verdict distribution:
    clear_keep            184  (72.73%)
    marginal_keep          15  (5.93%)
    marginal_mulligan      18  (7.11%)
    clear_mulligan         36  (14.23%)

  AGREEMENT (model keep/mull == player keep/mull): 235 / 253  (92.89%)
  NOT COMPLETE DISAGREEMENT (excludes clear_keep+mulled, clear_mulligan+kept):  247 / 253  (97.63%)

  Confusion matrix (rows=verdict, cols=actual):

was_kept           player_kept  player_mulled  total
verdict                                             
clear_keep                 178              6    184
marginal_keep                8              7     15
marginal_mulligan            5             13     18
clear_mulligan               0             36     36
total                      191             62    253
