==================== elite v8 TLA ====================
==== Elite first-mulligan agreement check ====
Set: TLA   n_sims: 300   n_workers: 8
Choice model: models\choice_v8

=== PremierDraft / TLA ===
  Elite filter: {'min_n_games_bucket': 500, 'min_wr_bucket': 0.62, 'ranks': {'diamond', 'mythic'}, 'parquet': 'combined.PremierDraft.parquet'}
  loaded 1,490,025 rows from combined.PremierDraft.parquet
  elite mn=0 subset for PremierDraft/TLA: 4,449 rows
  decks parsed: 753 kept  (dropped 0 unresolved, 9 size, 0 unsafe)
  rows after parse: 4,392
  progress 200/4392  elapsed=46s  eta=968s
  progress 400/4392  elapsed=83s  eta=831s
  progress 600/4392  elapsed=117s  eta=737s
  progress 800/4392  elapsed=149s  eta=670s
  progress 1000/4392  elapsed=184s  eta=624s
  progress 1200/4392  elapsed=222s  eta=590s
  progress 1400/4392  elapsed=259s  eta=553s
  progress 1600/4392  elapsed=295s  eta=515s
  progress 1800/4392  elapsed=327s  eta=471s
  progress 2000/4392  elapsed=365s  eta=437s
  progress 2200/4392  elapsed=403s  eta=401s
  progress 2400/4392  elapsed=439s  eta=365s
  progress 2600/4392  elapsed=474s  eta=327s
  progress 2800/4392  elapsed=510s  eta=290s
  progress 3000/4392  elapsed=545s  eta=253s
  progress 3200/4392  elapsed=580s  eta=216s
  progress 3400/4392  elapsed=615s  eta=179s
  progress 3600/4392  elapsed=650s  eta=143s
  progress 3800/4392  elapsed=687s  eta=107s
  progress 4000/4392  elapsed=726s  eta=71s
  progress 4200/4392  elapsed=762s  eta=35s
  progress 4392/4392  elapsed=798s  eta=0s
  inference done in 798s

  --- Summary (PremierDraft / TLA) ---
  n decisions:          4392
  actual mull rate:     9.15%  (402 / 4392)
  predicted mull rate:  6.56%  (288 / 4392)
  verdict distribution:
    clear_keep           3844  (87.52%)
    marginal_keep         260  (5.92%)
    marginal_mulligan     141  (3.21%)
    clear_mulligan        147  (3.35%)

  AGREEMENT (model keep/mull == player keep/mull): 4176 / 4392  (95.08%)
  NOT COMPLETE DISAGREEMENT (excludes clear_keep+mulled, clear_mulligan+kept):  4312 / 4392  (98.18%)

  Confusion matrix (rows=verdict, cols=actual):

was_kept           player_kept  player_mulled  total
verdict                                             
clear_keep                3773             71   3844
marginal_keep              166             94    260
marginal_mulligan           42             99    141
clear_mulligan               9            138    147
total                     3990            402   4392

=== TradDraft / TLA ===
  Elite filter: {'min_n_games_bucket': 500, 'min_wr_bucket': 0.68, 'ranks': None, 'parquet': 'combined.TradDraft.parquet'}
  loaded 184,952 rows from combined.TradDraft.parquet
  elite mn=0 subset for TradDraft/TLA: 979 rows
  decks parsed: 156 kept  (dropped 0 unresolved, 0 size, 0 unsafe)
  rows after parse: 979
  progress 200/979  elapsed=44s  eta=171s
  progress 400/979  elapsed=78s  eta=113s
  progress 600/979  elapsed=111s  eta=70s
  progress 800/979  elapsed=146s  eta=33s
  progress 979/979  elapsed=179s  eta=0s
  inference done in 179s

  --- Summary (TradDraft / TLA) ---
  n decisions:          979
  actual mull rate:     21.25%  (208 / 979)
  predicted mull rate:  20.63%  (202 / 979)
  verdict distribution:
    clear_keep            720  (73.54%)
    marginal_keep          57  (5.82%)
    marginal_mulligan      62  (6.33%)
    clear_mulligan        140  (14.30%)

  AGREEMENT (model keep/mull == player keep/mull): 927 / 979  (94.69%)
  NOT COMPLETE DISAGREEMENT (excludes clear_keep+mulled, clear_mulligan+kept):  959 / 979  (97.96%)

  Confusion matrix (rows=verdict, cols=actual):

was_kept           player_kept  player_mulled  total
verdict                                             
clear_keep                 706             14    720
marginal_keep               42             15     57
marginal_mulligan           17             45     62
clear_mulligan               6            134    140
total                      771            208    979
==================== elite v8 TMT ====================
==== Elite first-mulligan agreement check ====
Set: TMT   n_sims: 300   n_workers: 8
Choice model: models\choice_v8

=== PremierDraft / TMT ===
  Elite filter: {'min_n_games_bucket': 500, 'min_wr_bucket': 0.62, 'ranks': {'mythic', 'diamond'}, 'parquet': 'combined.PremierDraft.parquet'}
  loaded 1,490,025 rows from combined.PremierDraft.parquet
  elite mn=0 subset for PremierDraft/TMT: 327 rows
  decks parsed: 55 kept  (dropped 6 unresolved, 0 size, 0 unsafe)
  rows after parse: 296
  progress 200/296  elapsed=39s  eta=19s
  progress 296/296  elapsed=53s  eta=0s
  inference done in 53s

  --- Summary (PremierDraft / TMT) ---
  n decisions:          296
  actual mull rate:     7.09%  (21 / 296)
  predicted mull rate:  5.41%  (16 / 296)
  verdict distribution:
    clear_keep            265  (89.53%)
    marginal_keep          15  (5.07%)
    marginal_mulligan       7  (2.36%)
    clear_mulligan          9  (3.04%)

  AGREEMENT (model keep/mull == player keep/mull): 279 / 296  (94.26%)
  NOT COMPLETE DISAGREEMENT (excludes clear_keep+mulled, clear_mulligan+kept):  289 / 296  (97.64%)

  Confusion matrix (rows=verdict, cols=actual):

was_kept           player_kept  player_mulled  total
verdict                                             
clear_keep                 261              4    265
marginal_keep                8              7     15
marginal_mulligan            3              4      7
clear_mulligan               3              6      9
total                      275             21    296

=== TradDraft / TMT ===
  Elite filter: {'min_n_games_bucket': 500, 'min_wr_bucket': 0.68, 'ranks': None, 'parquet': 'combined.TradDraft.parquet'}
  loaded 184,952 rows from combined.TradDraft.parquet
  elite mn=0 subset for TradDraft/TMT: 337 rows
  decks parsed: 41 kept  (dropped 12 unresolved, 0 size, 0 unsafe)
  rows after parse: 253
  progress 200/253  elapsed=38s  eta=10s
  progress 253/253  elapsed=46s  eta=0s
  inference done in 46s

  --- Summary (TradDraft / TMT) ---
  n decisions:          253
  actual mull rate:     24.51%  (62 / 253)
  predicted mull rate:  21.34%  (54 / 253)
  verdict distribution:
    clear_keep            184  (72.73%)
    marginal_keep          15  (5.93%)
    marginal_mulligan      18  (7.11%)
    clear_mulligan         36  (14.23%)

  AGREEMENT (model keep/mull == player keep/mull): 235 / 253  (92.89%)
  NOT COMPLETE DISAGREEMENT (excludes clear_keep+mulled, clear_mulligan+kept):  247 / 253  (97.63%)

  Confusion matrix (rows=verdict, cols=actual):

was_kept           player_kept  player_mulled  total
verdict                                             
clear_keep                 178              6    184
marginal_keep                8              7     15
marginal_mulligan            5             13     18
clear_mulligan               0             36     36
total                      191             62    253
==================== elite v8 SOS ====================
==== Elite first-mulligan agreement check ====
Set: SOS   n_sims: 300   n_workers: 8
Choice model: models\choice_v8

=== PremierDraft / SOS ===
  Elite filter: {'min_n_games_bucket': 500, 'min_wr_bucket': 0.62, 'ranks': {'diamond', 'mythic'}, 'parquet': 'combined.PremierDraft.parquet'}
  loaded 1,490,025 rows from combined.PremierDraft.parquet
  elite mn=0 subset for PremierDraft/SOS: 1,553 rows
  decks parsed: 263 kept  (dropped 0 unresolved, 1 size, 0 unsafe)
  rows after parse: 1,546
  progress 200/1546  elapsed=41s  eta=277s
  progress 400/1546  elapsed=78s  eta=223s
  progress 600/1546  elapsed=117s  eta=184s
  progress 800/1546  elapsed=155s  eta=145s
  progress 1000/1546  elapsed=192s  eta=105s
  progress 1200/1546  elapsed=231s  eta=67s
  progress 1400/1546  elapsed=269s  eta=28s
  progress 1546/1546  elapsed=297s  eta=0s
  inference done in 297s

  --- Summary (PremierDraft / SOS) ---
  n decisions:          1546
  actual mull rate:     10.74%  (166 / 1546)
  predicted mull rate:  7.57%  (117 / 1546)
  verdict distribution:
    clear_keep           1342  (86.80%)
    marginal_keep          87  (5.63%)
    marginal_mulligan      52  (3.36%)
    clear_mulligan         65  (4.20%)

  AGREEMENT (model keep/mull == player keep/mull): 1459 / 1546  (94.37%)
  NOT COMPLETE DISAGREEMENT (excludes clear_keep+mulled, clear_mulligan+kept):  1511 / 1546  (97.74%)

  Confusion matrix (rows=verdict, cols=actual):

was_kept           player_kept  player_mulled  total
verdict                                             
clear_keep                1315             27   1342
marginal_keep               46             41     87
marginal_mulligan           11             41     52
clear_mulligan               8             57     65
total                     1380            166   1546

=== TradDraft / SOS ===
  Elite filter: {'min_n_games_bucket': 500, 'min_wr_bucket': 0.68, 'ranks': None, 'parquet': 'combined.TradDraft.parquet'}
  loaded 184,952 rows from combined.TradDraft.parquet
  elite mn=0 subset for TradDraft/SOS: 777 rows
  decks parsed: 129 kept  (dropped 0 unresolved, 0 size, 0 unsafe)
  rows after parse: 777
  progress 200/777  elapsed=44s  eta=126s
  progress 400/777  elapsed=80s  eta=76s
  progress 600/777  elapsed=116s  eta=34s
  progress 777/777  elapsed=147s  eta=0s
  inference done in 147s

  --- Summary (TradDraft / SOS) ---
  n decisions:          777
  actual mull rate:     15.83%  (123 / 777)
  predicted mull rate:  16.73%  (130 / 777)
  verdict distribution:
    clear_keep            585  (75.29%)
    marginal_keep          62  (7.98%)
    marginal_mulligan      34  (4.38%)
    clear_mulligan         96  (12.36%)

  AGREEMENT (model keep/mull == player keep/mull): 732 / 777  (94.21%)
  NOT COMPLETE DISAGREEMENT (excludes clear_keep+mulled, clear_mulligan+kept):  760 / 777  (97.81%)

  Confusion matrix (rows=verdict, cols=actual):

was_kept           player_kept  player_mulled  total
verdict                                             
clear_keep                 578              7    585
marginal_keep               50             12     62
marginal_mulligan           16             18     34
clear_mulligan              10             86     96
total                      654            123    777
ELITE_V8_DONE
